<html>
    <head>
        <title>Hello, page use physical root</title>
    </head>
    <body>
        <main>
            <p>Hello!</p>
        </main>
        <script src="../../../../node_js/web/js/pageUsePhysicalRoot/page-use-physical-root.min.js"></script>
    </body>
</html>
