<html>
    <head>
        <title>Hello, page root</title>
    </head>
    <body>
        <main>
            <p>Hello!</p>
        </main>
        <script src="./page-root.min.js"></script>
    </body>
</html>