<html>
    <head>
        <title>Hello, page selector CSS</title>
    </head>
    <body>
        <main>
            <p>Hello!</p>
        </main>
        <script class="target1" src="1.js"></script>
        <script class="target1" type="module" src="1.js"></script>
        <script class="target2" src="2.js"></script>
        <script class="target2" type="module" src="../../../js/pageScriptSelector/css/page-selector-css.min.js"></script>
        <script class="target3" src="3.js"></script>
        <script class="target3" type="module" src="3.js"></script>
    </body>
</html>