<html>
    <head>
        <title>Hello, page use physical root global</title>
    </head>
    <body>
        <main>
            <p>Hello!</p>
        </main>
        <script src="../../../../node_js/web/js/pageUsePhysicalRootGlobal/page-use-physical-root-global.min.js"></script>
    </body>
</html>
