<html>
    <head>
        <title>Hello, page selector ID</title>
    </head>
    <body>
        <main>
            <p>Hello!</p>
        </main>
        <script id="target1" src="1.js"></script>
        <script id="target2" src="../../../js/pageScriptSelector/id/page-selector-id.min.js"></script>
        <script id="target3" src="3.js"></script>
    </body>
</html>