<html>
    <head>
        <title>Hello, page xml file</title>
    </head>
    <body>
        <main>
            <p>Hello!</p>
        </main>
        <script defer="true" async="true" src="../../js/pageXmlFile/page-xml-file.min.js"></script>
        <script defer="true" async="true" src="other.js"></script>
    </body>
</html>
