<html>
    <head>
        <title>Hello, a1-include</title>
    </head>
    <body>
        <main>
            <p>Hello!</p>
        </main>
        <script src="../../../js/pageHtmlFiles/page-html-files.min.js"></script>
    </body>
</html>
