<html>
    <head>
        <title>Hello, page source path global</title>
    </head>
    <body>
        <main>
            <p>Hello!</p>
        </main>
        <script src="~/some/thing/page-source-path-global.min.js/page-source-path-global.min/js?path=web/js/pageSourcePathGlobal"></script>
    </body>
</html>
