<html>
    <head>
        <title>Hello, page attributes</title>
    </head>
    <body>
        <main>
            <p>Hello!</p>
        </main>
        <script src="../../js/pageAttributes/page-attributes.min.js" data-src="../../js/pageAttributes/page-attributes.min.js"></script>
    </body>
</html>
