<html>
    <head>
        <title>Hello, b1-exclude</title>
    </head>
    <body>
        <main>
            <p>Hello!</p>
        </main>
        <script src="b1-exclude.js"></script>
    </body>
</html>
