<html>
    <head>
        <title>Hello, page basic</title>
    </head>
    <body>
        <main>
            <p>Hello!</p>
        </main>
        <script defer async src="../../js/pageBasic/page-basic.min.js"></script>
        <script defer async src="other.js"></script>
    </body>
</html>