<html>
    <head>
        <title>Hello, page selector XPath</title>
    </head>
    <body>
        <main>
            <p>Hello!</p>
        </main>
        <script>target1</script>
        <script src="../../../js/pageScriptSelector/xpath/page-selector-xpath.min.js"></script>
        <script>target3</script>
    </body>
</html>