<html>
    <head>
        <title>Hello, page source path</title>
    </head>
    <body>
        <main>
            <p>Hello!</p>
        </main>
        <script src="~/some/thing/page-source-path.min.js/page-source-path.min/js?path=web/js/pageSourcePath"></script>
    </body>
</html>
