<html>
    <head>
        <title>Hello, page html dir</title>
    </head>
    <body>
        <main>
            <p>Hello!</p>
        </main>
        <script src="../../js/pageHtmlDir/page-html-dir.min.js"></script>
    </body>
</html>