<html>
    <head>
        <title>Hello, page physical path</title>
    </head>
    <body>
        <main>
            <p>Hello!</p>
        </main>
        <script src="../../../../node_js/web/js/pagePhysicalPath/page-physical-path.min.js"></script>
    </body>
</html>
